{"levelname": "INFO", "message": "routing_started", "taskName": null, "user_input": "how much free space do i have", "timestamp": "2026-08-22 15:19:19,495", "module": "orchestrator"}
{"levelname": "INFO", "message": "routing_started", "taskName": null, "user_input": "find my resume file named interview_resume", "timestamp": "2026-08-22 15:21:46,325", "module": "orchestrator"}
{"levelname": "INFO", "message": "routing_started", "taskName": null, "user_input": "hi who are you", "timestamp": "2026-08-22 15:34:49,760", "module": "orchestrator"}
{"levelname": "INFO", "message": "routing_decision", "taskName": null, "decision": {"function": null, "args": {}, "reason": "general question, no system action needed"}, "timestamp": "2026-08-22 15:34:51,083", "module": "orchestrator"}
{"levelname": "INFO", "message": "routing_started", "taskName": null, "user_input": "what is the current process going on", "timestamp": "2026-08-22 15:35:36,226", "module": "orchestrator"}
{"levelname": "INFO", "message": "routing_decision", "taskName": null, "decision": {"function": null, "args": {}, "reason": "general question, no system action needed"}, "timestamp": "2026-08-22 15:35:37,501", "module": "orchestrator"}
{"levelname": "INFO", "message": "routing_started", "taskName": null, "user_input": "what is teh memory space i have left", "timestamp": "2026-08-22 15:35:55,177", "module": "orchestrator"}
{"levelname": "INFO", "message": "routing_decision", "taskName": null, "decision": {"function": "free_space_summary", "args": {}, "reason": "general question, no system action needed"}, "timestamp": "2026-08-22 15:35:56,610", "module": "orchestrator"}
{"levelname": "INFO", "message": "execution_success", "taskName": null, "function": "free_space_summary", "call_args": {}, "timestamp": "2026-08-22 15:35:56,637", "module": "orchestrator"}
{"levelname": "INFO", "message": "routing_started", "taskName": null, "user_input": "which file takes more memory give me teh districbution of the storage usuage", "timestamp": "2026-08-22 15:36:23,616", "module": "orchestrator"}
{"levelname": "INFO", "message": "routing_decision", "taskName": null, "decision": {"function": "disk_usage_by_folder", "args": {"top_n": "10"}}, "timestamp": "2026-08-22 15:36:24,883", "module": "orchestrator"}
{"levelname": "INFO", "message": "execution_error", "taskName": null, "function": "disk_usage_by_folder", "call_args": {"top_n": "10"}, "error": "slice indices must be integers or None or have an __index__ method", "timestamp": "2026-08-22 15:36:37,901", "module": "orchestrator"}
{"levelname": "INFO", "message": "routing_started", "taskName": null, "user_input": "what si using more memory", "timestamp": "2026-08-22 15:37:16,266", "module": "orchestrator"}
{"levelname": "INFO", "message": "routing_decision", "taskName": null, "decision": {"function": "top_memory_processes", "args": {"top_n": "10"}}, "timestamp": "2026-08-22 15:37:17,380", "module": "orchestrator"}
{"levelname": "INFO", "message": "execution_error", "taskName": null, "function": "top_memory_processes", "call_args": {"top_n": "10"}, "error": "slice indices must be integers or None or have an __index__ method", "timestamp": "2026-08-22 15:37:17,498", "module": "orchestrator"}
{"levelname": "INFO", "message": "routing_started", "taskName": null, "user_input": "/exit", "timestamp": "2026-08-22 15:50:50,228", "module": "orchestrator"}
{"levelname": "INFO", "message": "routing_decision", "taskName": null, "decision": {"function": null, "args": {}, "reason": "general question, no system action needed"}, "timestamp": "2026-08-22 15:50:56,257", "module": "orchestrator"}
{"levelname": "INFO", "message": "routing_started", "taskName": null, "user_input": "what is using more memory", "timestamp": "2026-08-22 15:51:49,086", "module": "orchestrator"}
{"levelname": "INFO", "message": "routing_decision", "taskName": null, "decision": {"function": "top_memory_processes", "args": {"top_n": "10"}}, "timestamp": "2026-08-22 15:51:50,130", "module": "orchestrator"}
{"levelname": "INFO", "message": "execution_success", "taskName": null, "function": "top_memory_processes", "call_args": {"top_n": 10}, "timestamp": "2026-08-22 15:51:50,174", "module": "orchestrator"}
{"levelname": "INFO", "message": "routing_started", "taskName": null, "user_input": "what app consuming more disk space", "timestamp": "2026-08-22 15:52:17,386", "module": "orchestrator"}
{"levelname": "INFO", "message": "routing_decision", "taskName": null, "decision": {"function": "disk_usage_by_folder", "args": {"top_n": "1"}}, "timestamp": "2026-08-22 15:52:18,492", "module": "orchestrator"}
{"levelname": "INFO", "message": "execution_success", "taskName": null, "function": "disk_usage_by_folder", "call_args": {"top_n": 1}, "timestamp": "2026-08-22 15:52:20,846", "module": "orchestrator"}
{"levelname": "INFO", "message": "routing_started", "taskName": null, "user_input": "what is current ram status", "timestamp": "2026-08-22 15:52:39,614", "module": "orchestrator"}
{"levelname": "INFO", "message": "routing_decision", "taskName": null, "decision": {"function": null, "args": {}, "reason": "general question, no system action needed"}, "timestamp": "2026-08-22 15:52:40,819", "module": "orchestrator"}
{"levelname": "INFO", "message": "routing_started", "taskName": null, "user_input": "find mu resume file", "timestamp": "2026-08-22 15:52:53,587", "module": "orchestrator"}
{"levelname": "INFO", "message": "routing_decision", "taskName": null, "decision": {"function": "search_files", "args": {"query": "resume", "root_dir": "~"}}, "timestamp": "2026-08-22 15:52:55,295", "module": "orchestrator"}
{"levelname": "INFO", "message": "execution_success", "taskName": null, "function": "search_files", "call_args": {"query": "resume", "root_dir": "~"}, "timestamp": "2026-08-22 15:52:56,062", "module": "orchestrator"}
{"levelname": "INFO", "message": "routing_started", "taskName": null, "user_input": "find the file name intern_resume", "timestamp": "2026-08-22 15:53:22,721", "module": "orchestrator"}
{"levelname": "INFO", "message": "routing_decision", "taskName": null, "decision": {"function": "search_files", "args": {"query": "intern_resume"}}, "timestamp": "2026-08-22 15:53:23,722", "module": "orchestrator"}
{"levelname": "INFO", "message": "execution_success", "taskName": null, "function": "search_files", "call_args": {"query": "intern_resume"}, "timestamp": "2026-08-22 15:53:24,482", "module": "orchestrator"}
{"levelname": "INFO", "message": "session_flush_nothing_worth_storing", "taskName": null, "turns_reviewed": 12, "timestamp": "2026-08-25 20:15:18,177", "module": "orchestrator"}
{"levelname": "INFO", "message": "routing_started", "taskName": null, "user_input": "can you build me a website for grocery store", "timestamp": "2026-08-25 20:17:27,293", "module": "orchestrator"}
{"levelname": "INFO", "message": "routing_decision", "taskName": null, "decision": {"function": "open_application", "domain": "personal", "confidence": "high", "score": 0.65, "via_llm": false}, "via_llm": false, "timestamp": "2026-08-25 20:17:27,306", "module": "orchestrator"}
{"levelname": "INFO", "message": "execution_success", "taskName": null, "function": "open_application", "call_args": {"app_name": "can you build me a website for grocery store"}, "timestamp": "2026-08-25 20:17:27,310", "module": "orchestrator"}
{"levelname": "INFO", "message": "session_flush_nothing_worth_storing", "taskName": null, "turns_reviewed": 12, "timestamp": "2026-08-25 22:40:05,588", "module": "orchestrator"}
{"levelname": "INFO", "message": "routing_started", "taskName": null, "user_input": "how many applications exist in this system", "timestamp": "2026-08-25 22:45:17,923", "module": "orchestrator"}
{"levelname": "INFO", "message": "routing_decision", "taskName": null, "decision": {"function": "system_inspect", "domain": "personal", "confidence": "high", "score": 0.65, "via_llm": false}, "via_llm": false, "timestamp": "2026-08-25 22:45:17,938", "module": "orchestrator"}
{"levelname": "INFO", "message": "system_inspect_dry_run_failed", "taskName": null, "command": "bash", "error": "Execution failed", "timestamp": "2026-08-25 22:45:18,706", "module": "orchestrator"}
{"levelname": "INFO", "message": "routing_started", "taskName": null, "user_input": "how many applications exist in this system", "timestamp": "2026-08-25 22:46:03,148", "module": "orchestrator"}
{"levelname": "INFO", "message": "routing_decision", "taskName": null, "decision": {"function": "system_inspect", "domain": "personal", "confidence": "high", "score": 0.65, "via_llm": false}, "via_llm": false, "timestamp": "2026-08-25 22:46:03,160", "module": "orchestrator"}
{"levelname": "INFO", "message": "dynamic_system_tool_registered", "taskName": null, "query": "how many applications exist in this system", "command": "dpkg --list | wc -l", "timestamp": "2026-08-25 22:46:03,925", "module": "orchestrator"}
{"levelname": "INFO", "message": "routing_started", "taskName": null, "user_input": "how many applications exist in this system", "timestamp": "2026-08-25 22:46:20,583", "module": "orchestrator"}
{"levelname": "INFO", "message": "routing_decision", "taskName": null, "decision": {"function": "system_inspect", "domain": "personal", "confidence": "high", "score": 0.65, "via_llm": false}, "via_llm": false, "timestamp": "2026-08-25 22:46:20,594", "module": "orchestrator"}
{"levelname": "INFO", "message": "session_flush_nothing_worth_storing", "taskName": null, "turns_reviewed": 12, "timestamp": "2026-08-25 22:46:36,198", "module": "orchestrator"}
{"levelname": "INFO", "message": "routing_started", "taskName": null, "user_input": "open brave application", "timestamp": "2026-08-26 19:58:34,448", "module": "orchestrator"}
{"levelname": "INFO", "message": "routing_decision", "taskName": null, "decision": {"function": "open_application", "domain": "personal", "confidence": "high", "score": 0.65, "via_llm": false}, "via_llm": false, "timestamp": "2026-08-26 19:58:34,484", "module": "orchestrator"}
{"levelname": "INFO", "message": "execution_success", "taskName": null, "function": "open_application", "call_args": {"app_name": "brave"}, "timestamp": "2026-08-26 19:58:34,488", "module": "orchestrator"}
{"levelname": "INFO", "message": "routing_started", "taskName": null, "user_input": "close spotify", "timestamp": "2026-08-26 19:59:31,671", "module": "orchestrator"}
{"levelname": "INFO", "message": "routing_decision", "taskName": null, "decision": {"function": "unsupported", "domain": "personal", "confidence": "high", "score": 0.65, "via_llm": false}, "via_llm": false, "timestamp": "2026-08-26 19:59:31,704", "module": "orchestrator"}
{"levelname": "INFO", "message": "unsupported_capability_requested", "taskName": null, "reason": "this request", "user_input": "close spotify", "timestamp": "2026-08-26 19:59:31,704", "module": "orchestrator"}
{"levelname": "INFO", "message": "routing_started", "taskName": null, "user_input": "open appcenter", "timestamp": "2026-08-26 19:59:43,844", "module": "orchestrator"}
{"levelname": "INFO", "message": "routing_decision", "taskName": null, "decision": {"function": "open_application", "domain": "personal", "confidence": "high", "score": 1.0, "via_llm": true}, "via_llm": true, "timestamp": "2026-08-26 20:00:04,728", "module": "orchestrator"}
{"levelname": "INFO", "message": "execution_success", "taskName": null, "function": "open_application", "call_args": {"app_name": "appcenter"}, "timestamp": "2026-08-26 20:00:04,737", "module": "orchestrator"}
{"levelname": "INFO", "message": "routing_started", "taskName": null, "user_input": "its App center", "timestamp": "2026-08-26 20:00:15,093", "module": "orchestrator"}
{"levelname": "INFO", "message": "routing_decision", "taskName": null, "decision": {"function": "open_application", "domain": "personal", "confidence": "high", "score": 1.0, "via_llm": true}, "via_llm": true, "timestamp": "2026-08-26 20:00:16,401", "module": "orchestrator"}
{"levelname": "INFO", "message": "execution_success", "taskName": null, "function": "open_application", "call_args": {"app_name": "its App center"}, "timestamp": "2026-08-26 20:00:16,403", "module": "orchestrator"}
{"levelname": "INFO", "message": "routing_started", "taskName": null, "user_input": "open app center", "timestamp": "2026-08-26 20:00:28,899", "module": "orchestrator"}
{"levelname": "INFO", "message": "routing_decision", "taskName": null, "decision": {"function": "open_application", "domain": "personal", "confidence": "high", "score": 1.0, "via_llm": true}, "via_llm": true, "timestamp": "2026-08-26 20:00:29,730", "module": "orchestrator"}
{"levelname": "INFO", "message": "execution_success", "taskName": null, "function": "open_application", "call_args": {"app_name": "center"}, "timestamp": "2026-08-26 20:00:29,732", "module": "orchestrator"}
{"levelname": "INFO", "message": "routing_started", "taskName": null, "user_input": "Appcenter", "timestamp": "2026-08-26 20:00:37,074", "module": "orchestrator"}
{"levelname": "INFO", "message": "routing_decision", "taskName": null, "decision": {"function": "open_application", "domain": "personal", "confidence": "high", "score": 1.0, "via_llm": true}, "via_llm": true, "timestamp": "2026-08-26 20:00:38,546", "module": "orchestrator"}
{"levelname": "INFO", "message": "execution_success", "taskName": null, "function": "open_application", "call_args": {"app_name": "Appcenter"}, "timestamp": "2026-08-26 20:00:38,553", "module": "orchestrator"}
{"levelname": "INFO", "message": "session_buffer_full_flushing", "taskName": null, "turns": 11, "timestamp": "2026-08-26 20:00:38,555", "module": "orchestrator"}
{"levelname": "INFO", "message": "session_flush_stored", "taskName": null, "facts_stored": 5, "turns_reviewed": 11, "timestamp": "2026-08-26 20:00:41,499", "module": "orchestrator"}
{"levelname": "INFO", "message": "routing_started", "taskName": null, "user_input": "AppCenter", "timestamp": "2026-08-26 20:00:51,093", "module": "orchestrator"}
{"levelname": "INFO", "message": "routing_decision", "taskName": null, "decision": {"function": "open_application", "domain": "personal", "confidence": "high", "score": 1.0, "via_llm": true}, "via_llm": true, "timestamp": "2026-08-26 20:00:51,106", "module": "orchestrator"}
{"levelname": "INFO", "message": "execution_success", "taskName": null, "function": "open_application", "call_args": {"app_name": "AppCenter"}, "timestamp": "2026-08-26 20:00:51,108", "module": "orchestrator"}
{"levelname": "INFO", "message": "routing_started", "taskName": null, "user_input": "App Center", "timestamp": "2026-08-26 20:00:58,040", "module": "orchestrator"}
{"levelname": "INFO", "message": "routing_decision", "taskName": null, "decision": {"function": "open_application", "domain": "personal", "confidence": "high", "score": 1.0, "via_llm": true}, "via_llm": true, "timestamp": "2026-08-26 20:00:58,918", "module": "orchestrator"}
{"levelname": "INFO", "message": "execution_success", "taskName": null, "function": "open_application", "call_args": {"app_name": "App Center"}, "timestamp": "2026-08-26 20:00:58,919", "module": "orchestrator"}
{"levelname": "INFO", "message": "routing_started", "taskName": null, "user_input": "open files app", "timestamp": "2026-08-26 20:01:09,926", "module": "orchestrator"}
{"levelname": "INFO", "message": "routing_decision", "taskName": null, "decision": {"function": "open_application", "domain": "personal", "confidence": "high", "score": 1.0, "via_llm": true}, "via_llm": true, "timestamp": "2026-08-26 20:01:10,928", "module": "orchestrator"}
{"levelname": "INFO", "message": "execution_success", "taskName": null, "function": "open_application", "call_args": {"app_name": "files"}, "timestamp": "2026-08-26 20:01:10,930", "module": "orchestrator"}
{"levelname": "INFO", "message": "session_buffer_full_flushing", "taskName": null, "turns": 11, "timestamp": "2026-08-26 20:01:10,930", "module": "orchestrator"}
{"levelname": "INFO", "message": "session_flush_stored", "taskName": null, "facts_stored": 2, "turns_reviewed": 11, "timestamp": "2026-08-26 20:01:12,256", "module": "orchestrator"}
{"levelname": "INFO", "message": "routing_started", "taskName": null, "user_input": "open trash", "timestamp": "2026-08-26 20:01:25,393", "module": "orchestrator"}
{"levelname": "INFO", "message": "routing_decision", "taskName": null, "decision": {"function": "open_application", "domain": "personal", "confidence": "high", "score": 1.0, "via_llm": true}, "via_llm": true, "timestamp": "2026-08-26 20:01:26,438", "module": "orchestrator"}
{"levelname": "INFO", "message": "execution_success", "taskName": null, "function": "open_application", "call_args": {"app_name": "trash"}, "timestamp": "2026-08-26 20:01:26,441", "module": "orchestrator"}
{"levelname": "INFO", "message": "session_flush_nothing_worth_storing", "taskName": null, "turns_reviewed": 12, "timestamp": "2026-08-26 20:05:16,966", "module": "orchestrator"}
{"levelname": "INFO", "message": "session_flush_nothing_worth_storing", "taskName": null, "turns_reviewed": 12, "timestamp": "2026-08-26 20:06:18,178", "module": "orchestrator"}
{"levelname": "INFO", "message": "session_flush_nothing_worth_storing", "taskName": null, "turns_reviewed": 12, "timestamp": "2026-08-26 20:09:07,852", "module": "orchestrator"}
{"levelname": "INFO", "message": "session_flush_nothing_worth_storing", "taskName": null, "turns_reviewed": 12, "timestamp": "2026-08-26 20:21:22,891", "module": "orchestrator"}
{"levelname": "INFO", "message": "session_flush_nothing_worth_storing", "taskName": null, "turns_reviewed": 6, "timestamp": "2026-08-26 20:38:37,505", "module": "orchestrator"}
{"levelname": "INFO", "message": "mcp_discovery_complete", "taskName": null, "server_count": 1, "tool_count": 3, "failed_servers": 0, "timestamp": "2026-08-26 22:55:23,569", "module": "orchestrator"}
{"levelname": "INFO", "message": "mcp_tool_execution_success", "taskName": null, "qualified_name": "mcp_zedek_tools_word_count", "timestamp": "2026-08-26 22:55:30,786", "module": "orchestrator"}
{"levelname": "INFO", "message": "mcp_discovery_complete", "taskName": null, "server_count": 1, "tool_count": 3, "failed_servers": 0, "timestamp": "2026-08-26 22:55:50,449", "module": "orchestrator"}
{"levelname": "INFO", "message": "session_flush_nothing_worth_storing", "taskName": null, "turns_reviewed": 12, "timestamp": "2026-08-26 22:55:50,735", "module": "orchestrator"}
{"levelname": "INFO", "message": "mcp_tool_execution_success", "taskName": null, "qualified_name": "mcp_zedek_tools_word_count", "timestamp": "2026-08-26 22:56:00,041", "module": "orchestrator"}
{"levelname": "INFO", "message": "mcp_discovery_complete", "taskName": null, "server_count": 1, "tool_count": 3, "failed_servers": 0, "timestamp": "2026-08-27 10:47:57,143", "module": "orchestrator"}
{"levelname": "INFO", "message": "session_flush_nothing_worth_storing", "taskName": null, "turns_reviewed": 12, "timestamp": "2026-08-27 10:47:57,417", "module": "orchestrator"}
{"levelname": "INFO", "message": "mcp_tool_execution_success", "taskName": null, "qualified_name": "mcp_zedek_tools_word_count", "timestamp": "2026-08-27 10:48:05,500", "module": "orchestrator"}
